<?xml version="1.0" encoding="utf-8"?>
<TestRun id="8e052210-7e41-4d5a-97d8-2b19da093c37" name="@cursor 2026-09-20 11:01:29" xmlns="http://microsoft.com/schemas/VisualStudio/TeamTest/2010">
  <Times creation="2026-09-20T11:01:29.3993960+00:00" queuing="2026-09-20T11:01:29.3993961+00:00" start="2026-09-20T11:01:28.8910525+00:00" finish="2026-09-20T11:01:30.3309333+00:00" />
  <TestSettings name="default" id="7b9e8a09-cfc5-49fb-945f-5a39e10974db">
    <Deployment runDeploymentRoot="_cursor_2026-09-20_11_01_29" />
  </TestSettings>
  <Results>
    <UnitTestResult executionId="51ac72a6-25ab-49f5-a11e-99769b04867f" testId="41d2316c-b8be-4ba6-9a2f-833219ceeec8" testName="Bliss.Tests.Persistence.BlissMatchArchitectureTests.New_bliss_match_does_not_overwrite_another_valid_match" computerName="cursor" duration="00:00:00.0021856" startTime="2026-09-20T11:01:30.1330454+00:00" endTime="2026-09-20T11:01:30.1330455+00:00" testType="13cdc9d9-ddb5-4fa4-a97d-d965ccfc6d4b" outcome="Passed" testListId="8c84fa94-04c1-424b-9868-57a2d4851a1d" relativeResultsDirectory="51ac72a6-25ab-49f5-a11e-99769b04867f" />
    <UnitTestResult executionId="d3e70272-1652-4ac5-b873-49f3618ee9a5" testId="a7d83d3f-3fef-87b8-c59e-edd358ba4e8d" testName="Bliss.Tests.Architecture.EfModelConstraintTests.Bliss_match_creator_id_is_not_unique" computerName="cursor" duration="00:00:00.0004312" startTime="2026-09-20T11:01:30.1222252+00:00" endTime="2026-09-20T11:01:30.1222253+00:00" testType="13cdc9d9-ddb5-4fa4-a97d-d965ccfc6d4b" outcome="Passed" testListId="8c84fa94-04c1-424b-9868-57a2d4851a1d" relativeResultsDirectory="d3e70272-1652-4ac5-b873-49f3618ee9a5" />
    <UnitTestResult executionId="c3919eb9-c771-4aae-bec5-2e2a851c8c4c" testId="a7879089-b2bc-1b17-b4b3-ed7fc786e30d" testName="Bliss.Tests.Persistence.Phase3EvaluationAuditTests.Second_phase3_seed_is_idempotent" computerName="cursor" duration="00:00:00.1138355" startTime="2026-09-20T11:01:30.1195848+00:00" endTime="2026-09-20T11:01:30.1195849+00:00" testType="13cdc9d9-ddb5-4fa4-a97d-d965ccfc6d4b" outcome="Passed" testListId="8c84fa94-04c1-424b-9868-57a2d4851a1d" relativeResultsDirectory="c3919eb9-c771-4aae-bec5-2e2a851c8c4c" />
    <UnitTestResult executionId="85232bce-ec82-41b0-8bdb-204248765979" testId="05974633-af6a-a2fd-c070-060a3061f9e7" testName="Bliss.Tests.Persistence.AccessIndependenceTests.Network_access_and_program_access_are_independent" computerName="cursor" duration="00:00:00.0458431" startTime="2026-09-20T11:01:29.9323875+00:00" endTime="2026-09-20T11:01:29.9323876+00:00" testType="13cdc9d9-ddb5-4fa4-a97d-d965ccfc6d4b" outcome="Passed" testListId="8c84fa94-04c1-424b-9868-57a2d4851a1d" relativeResultsDirectory="85232bce-ec82-41b0-8bdb-204248765979" />
    <UnitTestResult executionId="7d239f7a-5828-4f27-8e3e-865ed8b2329a" testId="f7980e9f-bdec-dc48-ce88-0cc17859f196" testName="Bliss.Tests.Persistence.Phase3EvaluationAuditTests.Phase3_seed_is_additive_and_records_two_brazil_runs" computerName="cursor" duration="00:00:00.0192021" startTime="2026-09-20T11:01:30.1886719+00:00" endTime="2026-09-20T11:01:30.1886720+00:00" testType="13cdc9d9-ddb5-4fa4-a97d-d965ccfc6d4b" outcome="Passed" testListId="8c84fa94-04c1-424b-9868-57a2d4851a1d" relativeResultsDirectory="7d239f7a-5828-4f27-8e3e-865ed8b2329a" />
    <UnitTestResult executionId="6d04407c-55e9-4e85-bc9e-f47d32c8365e" testId="99fda879-3bb6-899b-c11a-6afa25c9c800" testName="Bliss.Tests.Domain.EntityDefaultTests.Data_provenance_confidence_defaults_to_unknown" computerName="cursor" duration="00:00:00.0001371" startTime="2026-09-20T11:01:29.3534164+00:00" endTime="2026-09-20T11:01:29.3534164+00:00" testType="13cdc9d9-ddb5-4fa4-a97d-d965ccfc6d4b" outcome="Passed" testListId="8c84fa94-04c1-424b-9868-57a2d4851a1d" relativeResultsDirectory="6d04407c-55e9-4e85-bc9e-f47d32c8365e" />
    <UnitTestResult executionId="6fe72706-fe92-4351-9f13-566a4f2e3fae" testId="ea538728-2dcf-0820-96b8-cf44ab65d900" testName="Bliss.Tests.Domain.EntityDefaultTests.Network_and_program_access_default_to_unknown_independently" computerName="cursor" duration="00:00:00.0001635" startTime="2026-09-20T11:01:29.3764453+00:00" endTime="2026-09-20T11:01:29.3764453+00:00" testType="13cdc9d9-ddb5-4fa4-a97d-d965ccfc6d4b" outcome="Passed" testListId="8c84fa94-04c1-424b-9868-57a2d4851a1d" relativeResultsDirectory="6fe72706-fe92-4351-9f13-566a4f2e3fae" />
    <UnitTestResult executionId="71b8e3f2-6f4a-49ff-bd84-3f0607bdfe75" testId="d8f2eb5a-339a-efe9-164d-4886bab9d470" testName="Bliss.Tests.Api.FrontendTests.Client_routes_fall_back_to_the_dashboard" computerName="cursor" duration="00:00:00.0031722" startTime="2026-09-20T11:01:30.1775034+00:00" endTime="2026-09-20T11:01:30.1775034+00:00" testType="13cdc9d9-ddb5-4fa4-a97d-d965ccfc6d4b" outcome="Passed" testListId="8c84fa94-04c1-424b-9868-57a2d4851a1d" relativeResultsDirectory="71b8e3f2-6f4a-49ff-bd84-3f0607bdfe75" />
    <UnitTestResult executionId="3bcdda5e-7327-4758-a039-933062b185c4" testId="2bfc8ccb-c6d1-42ea-66ae-0830cce47682" testName="Bliss.Tests.Domain.EntityDefaultTests.Ad_inventory_slot_defaults_to_available" computerName="cursor" duration="00:00:00.0002299" startTime="2026-09-20T11:01:29.3764948+00:00" endTime="2026-09-20T11:01:29.3764948+00:00" testType="13cdc9d9-ddb5-4fa4-a97d-d965ccfc6d4b" outcome="Passed" testListId="8c84fa94-04c1-424b-9868-57a2d4851a1d" relativeResultsDirectory="3bcdda5e-7327-4758-a039-933062b185c4" />
    <UnitTestResult executionId="dcfedfa5-2011-4442-9bb5-a8d0fbddca6e" testId="b2aa40b2-1813-6fda-b3f6-cdae423561a5" testName="Bliss.Tests.Api.Phase3ApiTests.Evaluation_runs_are_visible_and_match_history_is_listed" computerName="cursor" duration="00:00:00.0203017" startTime="2026-09-20T11:01:30.2725843+00:00" endTime="2026-09-20T11:01:30.2725844+00:00" testType="13cdc9d9-ddb5-4fa4-a97d-d965ccfc6d4b" outcome="Passed" testListId="8c84fa94-04c1-424b-9868-57a2d4851a1d" relativeResultsDirectory="dcfedfa5-2011-4442-9bb5-a8d0fbddca6e" />
    <UnitTestResult executionId="64d7a21b-bc7d-4ce2-8402-884caf8255d9" testId="ca3d08ec-edb1-62e5-2f81-afb14a457f61" testName="Bliss.Tests.Persistence.Phase3EvaluationAuditTests.Re_evaluating_one_match_does_not_change_another_match_or_its_runs" computerName="cursor" duration="00:00:00.0267109" startTime="2026-09-20T11:01:30.1693666+00:00" endTime="2026-09-20T11:01:30.1693667+00:00" testType="13cdc9d9-ddb5-4fa4-a97d-d965ccfc6d4b" outcome="Passed" testListId="8c84fa94-04c1-424b-9868-57a2d4851a1d" relativeResultsDirectory="64d7a21b-bc7d-4ce2-8402-884caf8255d9" />
    <UnitTestResult executionId="780f3172-9e5a-42b1-bd0e-9f2fa3118b4a" testId="d360cdc0-0524-f6d1-17d3-50ff5c12a6ef" testName="Bliss.Tests.Domain.DeterministicRuleEvaluatorTests.Missing_document_throws" computerName="cursor" duration="00:00:00.0003339" startTime="2026-09-20T11:01:29.3513137+00:00" endTime="2026-09-20T11:01:29.3513137+00:00" testType="13cdc9d9-ddb5-4fa4-a97d-d965ccfc6d4b" outcome="Passed" testListId="8c84fa94-04c1-424b-9868-57a2d4851a1d" relativeResultsDirectory="780f3172-9e5a-42b1-bd0e-9f2fa3118b4a" />
    <UnitTestResult executionId="01ba814e-ddb6-4f6a-879d-4a6c45846108" testId="1d7953a8-6241-ef89-345a-e130ddbad075" testName="Bliss.Tests.Api.Phase3ApiTests.Evaluate_rules_appends_a_run_visible_on_the_api" computerName="cursor" duration="00:00:00.3599030" startTime="2026-09-20T11:01:30.2521725+00:00" endTime="2026-09-20T11:01:30.2521726+00:00" testType="13cdc9d9-ddb5-4fa4-a97d-d965ccfc6d4b" outcome="Passed" testListId="8c84fa94-04c1-424b-9868-57a2d4851a1d" relativeResultsDirectory="01ba814e-ddb6-4f6a-879d-4a6c45846108" />
    <UnitTestResult executionId="ffeb2341-fea4-46e3-a0db-f4072bebc54f" testId="20633f0e-45fd-6547-f2d3-17aee00ceb1b" testName="Bliss.Tests.Persistence.Phase4CreatorIngestionTests.Invalid_observation_persists_nothing" computerName="cursor" duration="00:00:00.0041017" startTime="2026-09-20T11:01:30.0745461+00:00" endTime="2026-09-20T11:01:30.0745462+00:00" testType="13cdc9d9-ddb5-4fa4-a97d-d965ccfc6d4b" outcome="Passed" testListId="8c84fa94-04c1-424b-9868-57a2d4851a1d" relativeResultsDirectory="ffeb2341-fea4-46e3-a0db-f4072bebc54f" />
    <UnitTestResult executionId="03f65afd-b7a8-47f8-b1a0-ad1d40fa1496" testId="c3dfbe6a-a06d-dc4f-838a-2f4f4892eecc" testName="Bliss.Tests.Persistence.InventoryArchitectureTests.Content_item_supports_multiple_ad_inventory_slots" computerName="cursor" duration="00:00:00.0057675" startTime="2026-09-20T11:01:30.1272282+00:00" endTime="2026-09-20T11:01:30.1272283+00:00" testType="13cdc9d9-ddb5-4fa4-a97d-d965ccfc6d4b" outcome="Passed" testListId="8c84fa94-04c1-424b-9868-57a2d4851a1d" relativeResultsDirectory="03f65afd-b7a8-47f8-b1a0-ad1d40fa1496" />
    <UnitTestResult executionId="85b1b147-0491-444a-9369-7ec113d8494e" testId="d5e41786-afb1-c9e9-5845-afc657d47df4" testName="Bliss.Tests.Persistence.UnknownDemographicTests.Unknown_female_percentage_remains_null_and_is_not_converted_to_zero" computerName="cursor" duration="00:00:00.5910370" startTime="2026-09-20T11:01:29.8914549+00:00" endTime="2026-09-20T11:01:29.8914550+00:00" testType="13cdc9d9-ddb5-4fa4-a97d-d965ccfc6d4b" outcome="Passed" testListId="8c84fa94-04c1-424b-9868-57a2d4851a1d" relativeResultsDirectory="85b1b147-0491-444a-9369-7ec113d8494e" />
    <UnitTestResult executionId="2d36a10d-18ea-4977-bb9d-50fb5e1e9852" testId="1ea8b1f4-4e9a-8561-695a-abb47698cd8a" testName="Bliss.Tests.Persistence.Phase4CreatorIngestionTests.First_observation_creates_canonical_creator_profile_run_and_provenance" computerName="cursor" duration="00:00:00.0020139" startTime="2026-09-20T11:01:30.0811316+00:00" endTime="2026-09-20T11:01:30.0811316+00:00" testType="13cdc9d9-ddb5-4fa4-a97d-d965ccfc6d4b" outcome="Passed" testListId="8c84fa94-04c1-424b-9868-57a2d4851a1d" relativeResultsDirectory="2d36a10d-18ea-4977-bb9d-50fb5e1e9852" />
    <UnitTestResult executionId="05be6606-1088-4953-af45-d6423dfc8a4c" testId="e5bd266c-e764-9035-1e4b-67759a572b90" testName="Bliss.Tests.Api.Phase2ApiTests.Campaigns_and_networks_return_phase2_records" computerName="cursor" duration="00:00:00.8511126" startTime="2026-09-20T11:01:30.1848582+00:00" endTime="2026-09-20T11:01:30.1848583+00:00" testType="13cdc9d9-ddb5-4fa4-a97d-d965ccfc6d4b" outcome="Passed" testListId="8c84fa94-04c1-424b-9868-57a2d4851a1d" relativeResultsDirectory="05be6606-1088-4953-af45-d6423dfc8a4c" />
    <UnitTestResult executionId="8f6e4326-a133-4b41-beb2-907c3b615555" testId="c50db96f-878d-d17e-e727-c48cc8150eff" testName="Bliss.Tests.Architecture.EfModelConstraintTests.Female_percentage_is_nullable" computerName="cursor" duration="00:00:00.0003067" startTime="2026-09-20T11:01:30.1213119+00:00" endTime="2026-09-20T11:01:30.1213120+00:00" testType="13cdc9d9-ddb5-4fa4-a97d-d965ccfc6d4b" outcome="Passed" testListId="8c84fa94-04c1-424b-9868-57a2d4851a1d" relativeResultsDirectory="8f6e4326-a133-4b41-beb2-907c3b615555" />
    <UnitTestResult executionId="ca7f8e8a-7cd9-4430-ad35-ee3ee200a638" testId="a6c5f346-88ad-0dc2-4d93-2ee0a56ab127" testName="Bliss.Tests.Persistence.Phase4CreatorIngestionTests.New_observation_for_existing_identity_updates_without_duplicate_creator" computerName="cursor" duration="00:00:00.1143903" startTime="2026-09-20T11:01:30.0703768+00:00" endTime="2026-09-20T11:01:30.0703769+00:00" testType="13cdc9d9-ddb5-4fa4-a97d-d965ccfc6d4b" outcome="Passed" testListId="8c84fa94-04c1-424b-9868-57a2d4851a1d" relativeResultsDirectory="ca7f8e8a-7cd9-4430-ad35-ee3ee200a638" />
    <UnitTestResult executionId="5ad4cb5d-4376-4447-8b3d-c33a02dc2ac9" testId="aabaad12-1068-7e2d-7c3a-ba50f49c64cc" testName="Bliss.Tests.Persistence.HistoricalRuleVersionTests.Historical_bliss_match_preserves_original_rule_version" computerName="cursor" duration="00:00:00.5910056" startTime="2026-09-20T11:01:29.8922258+00:00" endTime="2026-09-20T11:01:29.8922259+00:00" testType="13cdc9d9-ddb5-4fa4-a97d-d965ccfc6d4b" outcome="Passed" testListId="8c84fa94-04c1-424b-9868-57a2d4851a1d" relativeResultsDirectory="5ad4cb5d-4376-4447-8b3d-c33a02dc2ac9" />
    <UnitTestResult executionId="98f54e1a-2538-47fe-898c-8449550aa7a0" testId="e3417458-c3ae-d69e-37a7-12994d5c3174" testName="Bliss.Tests.Persistence.Phase2SeedAndEvaluationTests.Phase2_seed_is_additive_and_does_not_overwrite_phase1_matches" computerName="cursor" duration="00:00:00.0972672" startTime="2026-09-20T11:01:30.0298326+00:00" endTime="2026-09-20T11:01:30.0298327+00:00" testType="13cdc9d9-ddb5-4fa4-a97d-d965ccfc6d4b" outcome="Passed" testListId="8c84fa94-04c1-424b-9868-57a2d4851a1d" relativeResultsDirectory="98f54e1a-2538-47fe-898c-8449550aa7a0" />
    <UnitTestResult executionId="537df5cd-add7-4410-87b9-87d5082a60d8" testId="a5c7492c-c4a2-91fa-fe17-981488932ccf" testName="Bliss.Tests.Persistence.Phase4CreatorIngestionTests.Same_source_and_idempotency_key_replays_without_duplicate_writes" computerName="cursor" duration="00:00:00.0020679" startTime="2026-09-20T11:01:30.0766782+00:00" endTime="2026-09-20T11:01:30.0766783+00:00" testType="13cdc9d9-ddb5-4fa4-a97d-d965ccfc6d4b" outcome="Passed" testListId="8c84fa94-04c1-424b-9868-57a2d4851a1d" relativeResultsDirectory="537df5cd-add7-4410-87b9-87d5082a60d8" />
    <UnitTestResult executionId="68a4c67c-255f-42e3-91a3-e0bb6dcc6c6b" testId="9ff146d5-22b5-53ad-bc7f-f19c8004d0d7" testName="Bliss.Tests.Architecture.EfModelConstraintTests.Creator_ingestion_source_and_idempotency_key_are_unique_together" computerName="cursor" duration="00:00:00.0023140" startTime="2026-09-20T11:01:30.1146994+00:00" endTime="2026-09-20T11:01:30.1146995+00:00" testType="13cdc9d9-ddb5-4fa4-a97d-d965ccfc6d4b" outcome="Passed" testListId="8c84fa94-04c1-424b-9868-57a2d4851a1d" relativeResultsDirectory="68a4c67c-255f-42e3-91a3-e0bb6dcc6c6b" />
    <UnitTestResult executionId="4beb0f3e-ed76-4299-a904-2bac3129f418" testId="67520dfc-ef04-5805-d900-05bbc76473c5" testName="Bliss.Tests.Architecture.EfModelConstraintTests.There_is_no_direct_creator_to_advertiser_foreign_key" computerName="cursor" duration="00:00:00.0005250" startTime="2026-09-20T11:01:30.1204154+00:00" endTime="2026-09-20T11:01:30.1204155+00:00" testType="13cdc9d9-ddb5-4fa4-a97d-d965ccfc6d4b" outcome="Passed" testListId="8c84fa94-04c1-424b-9868-57a2d4851a1d" relativeResultsDirectory="4beb0f3e-ed76-4299-a904-2bac3129f418" />
    <UnitTestResult executionId="adac8eda-d645-46a4-9f0f-241963e80198" testId="66ffeb4f-dce5-3602-0442-fed38a3bf0ca" testName="Bliss.Tests.Architecture.EfModelConstraintTests.Creator_platform_identity_key_is_unique_when_present" computerName="cursor" duration="00:00:00.0006362" startTime="2026-09-20T11:01:30.1154027+00:00" endTime="2026-09-20T11:01:30.1154028+00:00" testType="13cdc9d9-ddb5-4fa4-a97d-d965ccfc6d4b" outcome="Passed" testListId="8c84fa94-04c1-424b-9868-57a2d4851a1d" relativeResultsDirectory="adac8eda-d645-46a4-9f0f-241963e80198" />
    <UnitTestResult executionId="53a05fd4-6826-4361-aa54-e0c3c5f17bcc" testId="d5229300-ba34-a1ea-8a15-238ee6315b58" testName="Bliss.Tests.Persistence.Phase4CreatorIngestionTests.Same_external_id_on_different_platform_is_a_distinct_identity" computerName="cursor" duration="00:00:00.0023179" startTime="2026-09-20T11:01:30.0791389+00:00" endTime="2026-09-20T11:01:30.0791390+00:00" testType="13cdc9d9-ddb5-4fa4-a97d-d965ccfc6d4b" outcome="Passed" testListId="8c84fa94-04c1-424b-9868-57a2d4851a1d" relativeResultsDirectory="53a05fd4-6826-4361-aa54-e0c3c5f17bcc" />
    <UnitTestResult executionId="a782c535-31dc-4212-860b-bf716482b840" testId="b2d61875-979d-58c0-3d13-2449d06a1c37" testName="Bliss.Tests.Persistence.DataProvenanceTests.Data_provenance_retains_source_confidence_and_collected_at" computerName="cursor" duration="00:00:00.0093840" startTime="2026-09-20T11:01:30.1367821+00:00" endTime="2026-09-20T11:01:30.1367822+00:00" testType="13cdc9d9-ddb5-4fa4-a97d-d965ccfc6d4b" outcome="Passed" testListId="8c84fa94-04c1-424b-9868-57a2d4851a1d" relativeResultsDirectory="a782c535-31dc-4212-860b-bf716482b840" />
    <UnitTestResult executionId="e5d80ef9-5c20-4c3a-abda-49be7ee8c5d6" testId="f2e8717f-58b0-9e3e-284a-43413cb50837" testName="Bliss.Tests.Persistence.Phase2SeedAndEvaluationTests.Unknown_demographics_creator_review_does_not_use_zero_audience" computerName="cursor" duration="00:00:00.0179579" startTime="2026-09-20T11:01:30.0652373+00:00" endTime="2026-09-20T11:01:30.0652374+00:00" testType="13cdc9d9-ddb5-4fa4-a97d-d965ccfc6d4b" outcome="Passed" testListId="8c84fa94-04c1-424b-9868-57a2d4851a1d" relativeResultsDirectory="e5d80ef9-5c20-4c3a-abda-49be7ee8c5d6" />
    <UnitTestResult executionId="77730250-6c4e-460b-8a5e-8b06c2822e46" testId="714172cf-82f2-04c9-bf5f-767c89ff2692" testName="Bliss.Tests.Api.FrontendTests.Frontend_assets_are_served(path: &quot;/app.css&quot;, mediaType: &quot;text/css&quot;)" computerName="cursor" duration="00:00:00.2565072" startTime="2026-09-20T11:01:30.1515557+00:00" endTime="2026-09-20T11:01:30.1515558+00:00" testType="13cdc9d9-ddb5-4fa4-a97d-d965ccfc6d4b" outcome="Passed" testListId="8c84fa94-04c1-424b-9868-57a2d4851a1d" relativeResultsDirectory="77730250-6c4e-460b-8a5e-8b06c2822e46" />
    <UnitTestResult executionId="78a04afc-c61e-4994-bad7-111875bbd99d" testId="cd099455-c4ed-227b-a24a-b3646410eb02" testName="Bliss.Tests.Api.FrontendTests.Root_serves_the_match_operations_dashboard" computerName="cursor" duration="00:00:00.0174572" startTime="2026-09-20T11:01:30.1754749+00:00" endTime="2026-09-20T11:01:30.1754750+00:00" testType="13cdc9d9-ddb5-4fa4-a97d-d965ccfc6d4b" outcome="Passed" testListId="8c84fa94-04c1-424b-9868-57a2d4851a1d" relativeResultsDirectory="78a04afc-c61e-4994-bad7-111875bbd99d" />
    <UnitTestResult executionId="69774c80-0983-4705-b886-0c3dcd61fa93" testId="0ddc4816-05ae-a087-452a-3c8559632bcd" testName="Bliss.Tests.Architecture.EfModelConstraintTests.Major_relationships_use_restrict_delete_behavior" computerName="cursor" duration="00:00:00.0014744" startTime="2026-09-20T11:01:30.1233911+00:00" endTime="2026-09-20T11:01:30.1233912+00:00" testType="13cdc9d9-ddb5-4fa4-a97d-d965ccfc6d4b" outcome="Passed" testListId="8c84fa94-04c1-424b-9868-57a2d4851a1d" relativeResultsDirectory="69774c80-0983-4705-b886-0c3dcd61fa93" />
    <UnitTestResult executionId="68b5b005-dad6-4566-8a21-a366ce8b0cf9" testId="10bb1524-4517-7455-039c-131d8085c67f" testName="Bliss.Tests.Architecture.EfModelConstraintTests.Match_evaluation_run_bliss_match_id_is_not_unique" computerName="cursor" duration="00:00:00.0004973" startTime="2026-09-20T11:01:30.1209735+00:00" endTime="2026-09-20T11:01:30.1209735+00:00" testType="13cdc9d9-ddb5-4fa4-a97d-d965ccfc6d4b" outcome="Passed" testListId="8c84fa94-04c1-424b-9868-57a2d4851a1d" relativeResultsDirectory="68b5b005-dad6-4566-8a21-a366ce8b0cf9" />
    <UnitTestResult executionId="77364f71-fe83-47cc-9b20-f1502a8dae4c" testId="e3a4d65d-d083-473d-a7fb-e6f709c83a60" testName="Bliss.Tests.Domain.DeterministicRuleEvaluatorTests.Unknown_audience_is_review_required_not_zero" computerName="cursor" duration="00:00:00.0013450" startTime="2026-09-20T11:01:29.3527017+00:00" endTime="2026-09-20T11:01:29.3527018+00:00" testType="13cdc9d9-ddb5-4fa4-a97d-d965ccfc6d4b" outcome="Passed" testListId="8c84fa94-04c1-424b-9868-57a2d4851a1d" relativeResultsDirectory="77364f71-fe83-47cc-9b20-f1502a8dae4c" />
    <UnitTestResult executionId="1d7014f3-4dad-4a51-b8c4-465c3564029e" testId="3925efb9-9c12-2bed-b115-f0693ba87cc8" testName="Bliss.Tests.Domain.DeterministicRuleEvaluatorTests.Country_mismatch_is_geo_not_eligible_and_does_not_use_ai" computerName="cursor" duration="00:00:00.0003423" startTime="2026-09-20T11:01:29.3530999+00:00" endTime="2026-09-20T11:01:29.3531000+00:00" testType="13cdc9d9-ddb5-4fa4-a97d-d965ccfc6d4b" outcome="Passed" testListId="8c84fa94-04c1-424b-9868-57a2d4851a1d" relativeResultsDirectory="1d7014f3-4dad-4a51-b8c4-465c3564029e" />
    <UnitTestResult executionId="b6e766f9-6f2d-4e11-ba43-5d86d55e6135" testId="53e06281-965c-154d-169d-18b12de3780c" testName="Bliss.Tests.Persistence.Phase3EvaluationAuditTests.Live_checks_are_replaced_while_historical_runs_remain" computerName="cursor" duration="00:00:00.0251606" startTime="2026-09-20T11:01:30.2392474+00:00" endTime="2026-09-20T11:01:30.2392475+00:00" testType="13cdc9d9-ddb5-4fa4-a97d-d965ccfc6d4b" outcome="Passed" testListId="8c84fa94-04c1-424b-9868-57a2d4851a1d" relativeResultsDirectory="b6e766f9-6f2d-4e11-ba43-5d86d55e6135" />
    <UnitTestResult executionId="4ddc2031-ae55-4e60-9ef2-d9dc8a358cfb" testId="6251f72e-3558-9793-ecd3-f26416e2f718" testName="Bliss.Tests.Persistence.Phase2SeedAndEvaluationTests.Second_seed_is_idempotent" computerName="cursor" duration="00:00:00.0116484" startTime="2026-09-20T11:01:30.1212847+00:00" endTime="2026-09-20T11:01:30.1212847+00:00" testType="13cdc9d9-ddb5-4fa4-a97d-d965ccfc6d4b" outcome="Passed" testListId="8c84fa94-04c1-424b-9868-57a2d4851a1d" relativeResultsDirectory="4ddc2031-ae55-4e60-9ef2-d9dc8a358cfb" />
    <UnitTestResult executionId="80aebb03-63c2-4b20-99b3-4d88ce16a40f" testId="f267c8f9-ce40-660b-da9c-8d5c48b9994c" testName="Bliss.Tests.Persistence.Phase2SeedAndEvaluationTests.Re_evaluating_one_match_does_not_change_another_match" computerName="cursor" duration="00:00:00.0442809" startTime="2026-09-20T11:01:30.1132296+00:00" endTime="2026-09-20T11:01:30.1132297+00:00" testType="13cdc9d9-ddb5-4fa4-a97d-d965ccfc6d4b" outcome="Passed" testListId="8c84fa94-04c1-424b-9868-57a2d4851a1d" relativeResultsDirectory="80aebb03-63c2-4b20-99b3-4d88ce16a40f" />
    <UnitTestResult executionId="ed0b34d0-5282-49a8-9b40-a726990750d0" testId="66d27266-de8f-413f-0500-3db785fae6c5" testName="Bliss.Tests.Architecture.ApiSurfaceTests.Phase1_read_endpoints_are_present" computerName="cursor" duration="00:00:00.0202507" startTime="2026-09-20T11:01:29.3241903+00:00" endTime="2026-09-20T11:01:29.3242096+00:00" testType="13cdc9d9-ddb5-4fa4-a97d-d965ccfc6d4b" outcome="Passed" testListId="8c84fa94-04c1-424b-9868-57a2d4851a1d" relativeResultsDirectory="ed0b34d0-5282-49a8-9b40-a726990750d0" />
    <UnitTestResult executionId="20791d21-135c-483d-aa88-b1b674fd791d" testId="e1fd9b8c-ba82-6cde-3208-9a5bda7c35fd" testName="Bliss.Tests.Persistence.SeedDataTests.Phase1_seed_creates_required_graph" computerName="cursor" duration="00:00:00.0227837" startTime="2026-09-20T11:01:30.1464869+00:00" endTime="2026-09-20T11:01:30.1464870+00:00" testType="13cdc9d9-ddb5-4fa4-a97d-d965ccfc6d4b" outcome="Passed" testListId="8c84fa94-04c1-424b-9868-57a2d4851a1d" relativeResultsDirectory="20791d21-135c-483d-aa88-b1b674fd791d" />
    <UnitTestResult executionId="ab5b443a-9cb8-44fd-8406-9866185e79ae" testId="dc06a432-46fb-e3c6-2f96-2f8334ff30ba" testName="Bliss.Tests.Api.Phase4CreatorIngestionApiTests.Post_then_replay_returns_created_then_ok_with_same_run" computerName="cursor" duration="00:00:00.1564245" startTime="2026-09-20T11:01:30.2377695+00:00" endTime="2026-09-20T11:01:30.2377696+00:00" testType="13cdc9d9-ddb5-4fa4-a97d-d965ccfc6d4b" outcome="Passed" testListId="8c84fa94-04c1-424b-9868-57a2d4851a1d" relativeResultsDirectory="ab5b443a-9cb8-44fd-8406-9866185e79ae" />
    <UnitTestResult executionId="b519ab4f-1500-431c-9cb5-5b20555d6657" testId="ead06bba-0420-349d-eafb-fee9f6e3ed82" testName="Bliss.Tests.Persistence.Phase3EvaluationAuditTests.Unknown_demographics_are_still_not_zero_after_phase3_seed" computerName="cursor" duration="00:00:00.0218113" startTime="2026-09-20T11:01:30.1414677+00:00" endTime="2026-09-20T11:01:30.1414678+00:00" testType="13cdc9d9-ddb5-4fa4-a97d-d965ccfc6d4b" outcome="Passed" testListId="8c84fa94-04c1-424b-9868-57a2d4851a1d" relativeResultsDirectory="b519ab4f-1500-431c-9cb5-5b20555d6657" />
    <UnitTestResult executionId="5a3750f3-afdc-4d88-8a6a-46803d9a54a9" testId="9e771164-a137-49d9-c980-12eb28b21498" testName="Bliss.Tests.Persistence.Phase3EvaluationAuditTests.Re_evaluation_appends_a_run_and_does_not_delete_prior_runs" computerName="cursor" duration="00:00:00.0252946" startTime="2026-09-20T11:01:30.2140419+00:00" endTime="2026-09-20T11:01:30.2140420+00:00" testType="13cdc9d9-ddb5-4fa4-a97d-d965ccfc6d4b" outcome="Passed" testListId="8c84fa94-04c1-424b-9868-57a2d4851a1d" relativeResultsDirectory="5a3750f3-afdc-4d88-8a6a-46803d9a54a9" />
    <UnitTestResult executionId="604819c6-45b6-4384-8018-8cd8b807228a" testId="cc70eb97-9fa2-4393-16f1-399dcb17deac" testName="Bliss.Tests.Architecture.EfModelConstraintTests.Required_foreign_key_indexes_exist" computerName="cursor" duration="00:00:00.0020667" startTime="2026-09-20T11:01:30.1177071+00:00" endTime="2026-09-20T11:01:30.1177072+00:00" testType="13cdc9d9-ddb5-4fa4-a97d-d965ccfc6d4b" outcome="Passed" testListId="8c84fa94-04c1-424b-9868-57a2d4851a1d" relativeResultsDirectory="604819c6-45b6-4384-8018-8cd8b807228a" />
    <UnitTestResult executionId="5efe7913-ecb3-4b8f-928f-0cb88ac48681" testId="4c7d820b-3b32-0a41-1aae-799ae0461280" testName="Bliss.Tests.Api.FrontendTests.Frontend_assets_are_served(path: &quot;/app.js&quot;, mediaType: &quot;text/javascript&quot;)" computerName="cursor" duration="00:00:00.0040595" startTime="2026-09-20T11:01:30.1563182+00:00" endTime="2026-09-20T11:01:30.1563183+00:00" testType="13cdc9d9-ddb5-4fa4-a97d-d965ccfc6d4b" outcome="Passed" testListId="8c84fa94-04c1-424b-9868-57a2d4851a1d" relativeResultsDirectory="5efe7913-ecb3-4b8f-928f-0cb88ac48681" />
    <UnitTestResult executionId="c58123f3-e6b8-4918-a223-9000989c882e" testId="640281c2-d2c6-614b-9d1b-15b361eeede1" testName="Bliss.Tests.Persistence.Phase2SeedAndEvaluationTests.Phase2_brazil_match_is_approved_and_ph_to_br_is_ineligible" computerName="cursor" duration="00:00:00.0173065" startTime="2026-09-20T11:01:30.0472151+00:00" endTime="2026-09-20T11:01:30.0472152+00:00" testType="13cdc9d9-ddb5-4fa4-a97d-d965ccfc6d4b" outcome="Passed" testListId="8c84fa94-04c1-424b-9868-57a2d4851a1d" relativeResultsDirectory="c58123f3-e6b8-4918-a223-9000989c882e" />
    <UnitTestResult executionId="e249bfaa-b372-4e2a-a583-efca06c81cb5" testId="a83975d8-4228-cc55-20bb-868b6cced19d" testName="Bliss.Tests.Persistence.CreatorContentArchitectureTests.Creator_supports_multiple_content_items" computerName="cursor" duration="00:00:00.0048415" startTime="2026-09-20T11:01:30.1233444+00:00" endTime="2026-09-20T11:01:30.1233445+00:00" testType="13cdc9d9-ddb5-4fa4-a97d-d965ccfc6d4b" outcome="Passed" testListId="8c84fa94-04c1-424b-9868-57a2d4851a1d" relativeResultsDirectory="e249bfaa-b372-4e2a-a583-efca06c81cb5" />
    <UnitTestResult executionId="ccee36f6-489d-412f-8126-4e741cf7d314" testId="01c6cd37-6e0a-ac59-fef9-9b774a637864" testName="Bliss.Tests.Domain.EntityDefaultTests.Bliss_match_defaults_to_created" computerName="cursor" duration="00:00:00.0002022" startTime="2026-09-20T11:01:29.3758908+00:00" endTime="2026-09-20T11:01:29.3758909+00:00" testType="13cdc9d9-ddb5-4fa4-a97d-d965ccfc6d4b" outcome="Passed" testListId="8c84fa94-04c1-424b-9868-57a2d4851a1d" relativeResultsDirectory="ccee36f6-489d-412f-8126-4e741cf7d314" />
    <UnitTestResult executionId="2420c72c-7bed-4d65-9056-8e7da72efa04" testId="100dc352-f3cc-3a7d-1cfc-82d5e7a3fd66" testName="Bliss.Tests.Persistence.CampaignPlacementArchitectureTests.Multiple_campaign_placements_can_reference_the_same_content_item" computerName="cursor" duration="00:00:00.5318434" startTime="2026-09-20T11:01:29.8867125+00:00" endTime="2026-09-20T11:01:29.8867126+00:00" testType="13cdc9d9-ddb5-4fa4-a97d-d965ccfc6d4b" outcome="Passed" testListId="8c84fa94-04c1-424b-9868-57a2d4851a1d" relativeResultsDirectory="2420c72c-7bed-4d65-9056-8e7da72efa04" />
    <UnitTestResult executionId="3c692c3b-7643-48f3-95e4-708ba20d061a" testId="bcd89933-fbb2-940a-fc52-89e4773d39c2" testName="Bliss.Tests.Domain.EntityDefaultTests.Advertiser_opportunity_defaults_to_active" computerName="cursor" duration="00:00:00.0000373" startTime="2026-09-20T11:01:29.3764645+00:00" endTime="2026-09-20T11:01:29.3764646+00:00" testType="13cdc9d9-ddb5-4fa4-a97d-d965ccfc6d4b" outcome="Passed" testListId="8c84fa94-04c1-424b-9868-57a2d4851a1d" relativeResultsDirectory="3c692c3b-7643-48f3-95e4-708ba20d061a" />
    <UnitTestResult executionId="fcc2704e-9c77-43f9-95ef-c9a49a4bd8fa" testId="b0f13de1-5c6f-a12b-8761-124ba685f069" testName="Bliss.Tests.Api.Phase2ApiTests.Evaluate_rules_returns_bad_request_for_phase1_rule_without_document" computerName="cursor" duration="00:00:00.0644910" startTime="2026-09-20T11:01:30.2494297+00:00" endTime="2026-09-20T11:01:30.2494298+00:00" testType="13cdc9d9-ddb5-4fa4-a97d-d965ccfc6d4b" outcome="Passed" testListId="8c84fa94-04c1-424b-9868-57a2d4851a1d" relativeResultsDirectory="fcc2704e-9c77-43f9-95ef-c9a49a4bd8fa" />
    <UnitTestResult executionId="512c4bef-dce6-49d0-b8b1-be81cd8e442c" testId="c72ca6e0-1d99-7efb-a420-53958ad1e17d" testName="Bliss.Tests.Architecture.EfModelConstraintTests.Campaign_placement_content_item_id_is_not_unique" computerName="cursor" duration="00:00:00.0022346" startTime="2026-09-20T11:01:30.1198111+00:00" endTime="2026-09-20T11:01:30.1198112+00:00" testType="13cdc9d9-ddb5-4fa4-a97d-d965ccfc6d4b" outcome="Passed" testListId="8c84fa94-04c1-424b-9868-57a2d4851a1d" relativeResultsDirectory="512c4bef-dce6-49d0-b8b1-be81cd8e442c" />
    <UnitTestResult executionId="4155a55f-d390-43ba-82b1-f7488495a157" testId="d1605941-48e0-fbcc-1be8-0ec6b9950d4d" testName="Bliss.Tests.Domain.DeterministicRuleEvaluatorTests.Matching_country_and_language_is_approved" computerName="cursor" duration="00:00:00.0505136" startTime="2026-09-20T11:01:29.3509556+00:00" endTime="2026-09-20T11:01:29.3509557+00:00" testType="13cdc9d9-ddb5-4fa4-a97d-d965ccfc6d4b" outcome="Passed" testListId="8c84fa94-04c1-424b-9868-57a2d4851a1d" relativeResultsDirectory="4155a55f-d390-43ba-82b1-f7488495a157" />
    <UnitTestResult executionId="3384611a-3cd2-4322-8d51-b8a1b54379be" testId="297cb8c0-1754-5d2e-e0f1-2a366f018a95" testName="Bliss.Tests.Persistence.BlissMatchArchitectureTests.Creator_supports_multiple_simultaneous_bliss_matches_without_uniqueness_violation" computerName="cursor" duration="00:00:00.0083031" startTime="2026-09-20T11:01:30.1307859+00:00" endTime="2026-09-20T11:01:30.1307860+00:00" testType="13cdc9d9-ddb5-4fa4-a97d-d965ccfc6d4b" outcome="Passed" testListId="8c84fa94-04c1-424b-9868-57a2d4851a1d" relativeResultsDirectory="3384611a-3cd2-4322-8d51-b8a1b54379be" />
    <UnitTestResult executionId="d469075d-169e-4627-a292-e54e9cf72904" testId="35e70851-9287-56c9-f6ff-18f25b74fc27" testName="Bliss.Tests.Domain.EntityDefaultTests.Advertiser_program_defaults_to_active" computerName="cursor" duration="00:00:00.0001811" startTime="2026-09-20T11:01:29.3764127+00:00" endTime="2026-09-20T11:01:29.3764128+00:00" testType="13cdc9d9-ddb5-4fa4-a97d-d965ccfc6d4b" outcome="Passed" testListId="8c84fa94-04c1-424b-9868-57a2d4851a1d" relativeResultsDirectory="d469075d-169e-4627-a292-e54e9cf72904" />
    <UnitTestResult executionId="7e673989-700b-4505-b938-83ecaed5a79b" testId="8f1e23ec-b18e-6fd8-9035-546076daf466" testName="Bliss.Tests.Api.Phase4CreatorIngestionApiTests.Invalid_observation_returns_bad_request" computerName="cursor" duration="00:00:00.0023040" startTime="2026-09-20T11:01:30.2401545+00:00" endTime="2026-09-20T11:01:30.2401546+00:00" testType="13cdc9d9-ddb5-4fa4-a97d-d965ccfc6d4b" outcome="Passed" testListId="8c84fa94-04c1-424b-9868-57a2d4851a1d" relativeResultsDirectory="7e673989-700b-4505-b938-83ecaed5a79b" />
  </Results>
  <TestDefinitions>
    <UnitTest name="Bliss.Tests.Persistence.Phase3EvaluationAuditTests.Second_phase3_seed_is_idempotent" storage="/workspace/bliss.tests/bin/debug/net8.0/bliss.tests.dll" id="a7879089-b2bc-1b17-b4b3-ed7fc786e30d">
      <Execution id="c3919eb9-c771-4aae-bec5-2e2a851c8c4c" />
      <TestMethod codeBase="/workspace/Bliss.Tests/bin/Debug/net8.0/Bliss.Tests.dll" adapterTypeName="executor://xunit/VsTestRunner2/netcoreapp" className="Bliss.Tests.Persistence.Phase3EvaluationAuditTests" name="Second_phase3_seed_is_idempotent" />
    </UnitTest>
    <UnitTest name="Bliss.Tests.Api.Phase4CreatorIngestionApiTests.Invalid_observation_returns_bad_request" storage="/workspace/bliss.tests/bin/debug/net8.0/bliss.tests.dll" id="8f1e23ec-b18e-6fd8-9035-546076daf466">
      <Execution id="7e673989-700b-4505-b938-83ecaed5a79b" />
      <TestMethod codeBase="/workspace/Bliss.Tests/bin/Debug/net8.0/Bliss.Tests.dll" adapterTypeName="executor://xunit/VsTestRunner2/netcoreapp" className="Bliss.Tests.Api.Phase4CreatorIngestionApiTests" name="Invalid_observation_returns_bad_request" />
    </UnitTest>
    <UnitTest name="Bliss.Tests.Persistence.Phase4CreatorIngestionTests.First_observation_creates_canonical_creator_profile_run_and_provenance" storage="/workspace/bliss.tests/bin/debug/net8.0/bliss.tests.dll" id="1ea8b1f4-4e9a-8561-695a-abb47698cd8a">
      <Execution id="2d36a10d-18ea-4977-bb9d-50fb5e1e9852" />
      <TestMethod codeBase="/workspace/Bliss.Tests/bin/Debug/net8.0/Bliss.Tests.dll" adapterTypeName="executor://xunit/VsTestRunner2/netcoreapp" className="Bliss.Tests.Persistence.Phase4CreatorIngestionTests" name="First_observation_creates_canonical_creator_profile_run_and_provenance" />
    </UnitTest>
    <UnitTest name="Bliss.Tests.Domain.EntityDefaultTests.Advertiser_program_defaults_to_active" storage="/workspace/bliss.tests/bin/debug/net8.0/bliss.tests.dll" id="35e70851-9287-56c9-f6ff-18f25b74fc27">
      <Execution id="d469075d-169e-4627-a292-e54e9cf72904" />
      <TestMethod codeBase="/workspace/Bliss.Tests/bin/Debug/net8.0/Bliss.Tests.dll" adapterTypeName="executor://xunit/VsTestRunner2/netcoreapp" className="Bliss.Tests.Domain.EntityDefaultTests" name="Advertiser_program_defaults_to_active" />
    </UnitTest>
    <UnitTest name="Bliss.Tests.Persistence.AccessIndependenceTests.Network_access_and_program_access_are_independent" storage="/workspace/bliss.tests/bin/debug/net8.0/bliss.tests.dll" id="05974633-af6a-a2fd-c070-060a3061f9e7">
      <Execution id="85232bce-ec82-41b0-8bdb-204248765979" />
      <TestMethod codeBase="/workspace/Bliss.Tests/bin/Debug/net8.0/Bliss.Tests.dll" adapterTypeName="executor://xunit/VsTestRunner2/netcoreapp" className="Bliss.Tests.Persistence.AccessIndependenceTests" name="Network_access_and_program_access_are_independent" />
    </UnitTest>
    <UnitTest name="Bliss.Tests.Api.Phase2ApiTests.Campaigns_and_networks_return_phase2_records" storage="/workspace/bliss.tests/bin/debug/net8.0/bliss.tests.dll" id="e5bd266c-e764-9035-1e4b-67759a572b90">
      <Execution id="05be6606-1088-4953-af45-d6423dfc8a4c" />
      <TestMethod codeBase="/workspace/Bliss.Tests/bin/Debug/net8.0/Bliss.Tests.dll" adapterTypeName="executor://xunit/VsTestRunner2/netcoreapp" className="Bliss.Tests.Api.Phase2ApiTests" name="Campaigns_and_networks_return_phase2_records" />
    </UnitTest>
    <UnitTest name="Bliss.Tests.Architecture.EfModelConstraintTests.Creator_ingestion_source_and_idempotency_key_are_unique_together" storage="/workspace/bliss.tests/bin/debug/net8.0/bliss.tests.dll" id="9ff146d5-22b5-53ad-bc7f-f19c8004d0d7">
      <Execution id="68a4c67c-255f-42e3-91a3-e0bb6dcc6c6b" />
      <TestMethod codeBase="/workspace/Bliss.Tests/bin/Debug/net8.0/Bliss.Tests.dll" adapterTypeName="executor://xunit/VsTestRunner2/netcoreapp" className="Bliss.Tests.Architecture.EfModelConstraintTests" name="Creator_ingestion_source_and_idempotency_key_are_unique_together" />
    </UnitTest>
    <UnitTest name="Bliss.Tests.Domain.EntityDefaultTests.Ad_inventory_slot_defaults_to_available" storage="/workspace/bliss.tests/bin/debug/net8.0/bliss.tests.dll" id="2bfc8ccb-c6d1-42ea-66ae-0830cce47682">
      <Execution id="3bcdda5e-7327-4758-a039-933062b185c4" />
      <TestMethod codeBase="/workspace/Bliss.Tests/bin/Debug/net8.0/Bliss.Tests.dll" adapterTypeName="executor://xunit/VsTestRunner2/netcoreapp" className="Bliss.Tests.Domain.EntityDefaultTests" name="Ad_inventory_slot_defaults_to_available" />
    </UnitTest>
    <UnitTest name="Bliss.Tests.Persistence.BlissMatchArchitectureTests.Creator_supports_multiple_simultaneous_bliss_matches_without_uniqueness_violation" storage="/workspace/bliss.tests/bin/debug/net8.0/bliss.tests.dll" id="297cb8c0-1754-5d2e-e0f1-2a366f018a95">
      <Execution id="3384611a-3cd2-4322-8d51-b8a1b54379be" />
      <TestMethod codeBase="/workspace/Bliss.Tests/bin/Debug/net8.0/Bliss.Tests.dll" adapterTypeName="executor://xunit/VsTestRunner2/netcoreapp" className="Bliss.Tests.Persistence.BlissMatchArchitectureTests" name="Creator_supports_multiple_simultaneous_bliss_matches_without_uniqueness_violation" />
    </UnitTest>
    <UnitTest name="Bliss.Tests.Persistence.Phase2SeedAndEvaluationTests.Re_evaluating_one_match_does_not_change_another_match" storage="/workspace/bliss.tests/bin/debug/net8.0/bliss.tests.dll" id="f267c8f9-ce40-660b-da9c-8d5c48b9994c">
      <Execution id="80aebb03-63c2-4b20-99b3-4d88ce16a40f" />
      <TestMethod codeBase="/workspace/Bliss.Tests/bin/Debug/net8.0/Bliss.Tests.dll" adapterTypeName="executor://xunit/VsTestRunner2/netcoreapp" className="Bliss.Tests.Persistence.Phase2SeedAndEvaluationTests" name="Re_evaluating_one_match_does_not_change_another_match" />
    </UnitTest>
    <UnitTest name="Bliss.Tests.Persistence.Phase2SeedAndEvaluationTests.Second_seed_is_idempotent" storage="/workspace/bliss.tests/bin/debug/net8.0/bliss.tests.dll" id="6251f72e-3558-9793-ecd3-f26416e2f718">
      <Execution id="4ddc2031-ae55-4e60-9ef2-d9dc8a358cfb" />
      <TestMethod codeBase="/workspace/Bliss.Tests/bin/Debug/net8.0/Bliss.Tests.dll" adapterTypeName="executor://xunit/VsTestRunner2/netcoreapp" className="Bliss.Tests.Persistence.Phase2SeedAndEvaluationTests" name="Second_seed_is_idempotent" />
    </UnitTest>
    <UnitTest name="Bliss.Tests.Persistence.CreatorContentArchitectureTests.Creator_supports_multiple_content_items" storage="/workspace/bliss.tests/bin/debug/net8.0/bliss.tests.dll" id="a83975d8-4228-cc55-20bb-868b6cced19d">
      <Execution id="e249bfaa-b372-4e2a-a583-efca06c81cb5" />
      <TestMethod codeBase="/workspace/Bliss.Tests/bin/Debug/net8.0/Bliss.Tests.dll" adapterTypeName="executor://xunit/VsTestRunner2/netcoreapp" className="Bliss.Tests.Persistence.CreatorContentArchitectureTests" name="Creator_supports_multiple_content_items" />
    </UnitTest>
    <UnitTest name="Bliss.Tests.Persistence.SeedDataTests.Phase1_seed_creates_required_graph" storage="/workspace/bliss.tests/bin/debug/net8.0/bliss.tests.dll" id="e1fd9b8c-ba82-6cde-3208-9a5bda7c35fd">
      <Execution id="20791d21-135c-483d-aa88-b1b674fd791d" />
      <TestMethod codeBase="/workspace/Bliss.Tests/bin/Debug/net8.0/Bliss.Tests.dll" adapterTypeName="executor://xunit/VsTestRunner2/netcoreapp" className="Bliss.Tests.Persistence.SeedDataTests" name="Phase1_seed_creates_required_graph" />
    </UnitTest>
    <UnitTest name="Bliss.Tests.Domain.EntityDefaultTests.Advertiser_opportunity_defaults_to_active" storage="/workspace/bliss.tests/bin/debug/net8.0/bliss.tests.dll" id="bcd89933-fbb2-940a-fc52-89e4773d39c2">
      <Execution id="3c692c3b-7643-48f3-95e4-708ba20d061a" />
      <TestMethod codeBase="/workspace/Bliss.Tests/bin/Debug/net8.0/Bliss.Tests.dll" adapterTypeName="executor://xunit/VsTestRunner2/netcoreapp" className="Bliss.Tests.Domain.EntityDefaultTests" name="Advertiser_opportunity_defaults_to_active" />
    </UnitTest>
    <UnitTest name="Bliss.Tests.Domain.DeterministicRuleEvaluatorTests.Country_mismatch_is_geo_not_eligible_and_does_not_use_ai" storage="/workspace/bliss.tests/bin/debug/net8.0/bliss.tests.dll" id="3925efb9-9c12-2bed-b115-f0693ba87cc8">
      <Execution id="1d7014f3-4dad-4a51-b8c4-465c3564029e" />
      <TestMethod codeBase="/workspace/Bliss.Tests/bin/Debug/net8.0/Bliss.Tests.dll" adapterTypeName="executor://xunit/VsTestRunner2/netcoreapp" className="Bliss.Tests.Domain.DeterministicRuleEvaluatorTests" name="Country_mismatch_is_geo_not_eligible_and_does_not_use_ai" />
    </UnitTest>
    <UnitTest name="Bliss.Tests.Architecture.EfModelConstraintTests.Creator_platform_identity_key_is_unique_when_present" storage="/workspace/bliss.tests/bin/debug/net8.0/bliss.tests.dll" id="66ffeb4f-dce5-3602-0442-fed38a3bf0ca">
      <Execution id="adac8eda-d645-46a4-9f0f-241963e80198" />
      <TestMethod codeBase="/workspace/Bliss.Tests/bin/Debug/net8.0/Bliss.Tests.dll" adapterTypeName="executor://xunit/VsTestRunner2/netcoreapp" className="Bliss.Tests.Architecture.EfModelConstraintTests" name="Creator_platform_identity_key_is_unique_when_present" />
    </UnitTest>
    <UnitTest name="Bliss.Tests.Api.FrontendTests.Root_serves_the_match_operations_dashboard" storage="/workspace/bliss.tests/bin/debug/net8.0/bliss.tests.dll" id="cd099455-c4ed-227b-a24a-b3646410eb02">
      <Execution id="78a04afc-c61e-4994-bad7-111875bbd99d" />
      <TestMethod codeBase="/workspace/Bliss.Tests/bin/Debug/net8.0/Bliss.Tests.dll" adapterTypeName="executor://xunit/VsTestRunner2/netcoreapp" className="Bliss.Tests.Api.FrontendTests" name="Root_serves_the_match_operations_dashboard" />
    </UnitTest>
    <UnitTest name="Bliss.Tests.Architecture.EfModelConstraintTests.Match_evaluation_run_bliss_match_id_is_not_unique" storage="/workspace/bliss.tests/bin/debug/net8.0/bliss.tests.dll" id="10bb1524-4517-7455-039c-131d8085c67f">
      <Execution id="68b5b005-dad6-4566-8a21-a366ce8b0cf9" />
      <TestMethod codeBase="/workspace/Bliss.Tests/bin/Debug/net8.0/Bliss.Tests.dll" adapterTypeName="executor://xunit/VsTestRunner2/netcoreapp" className="Bliss.Tests.Architecture.EfModelConstraintTests" name="Match_evaluation_run_bliss_match_id_is_not_unique" />
    </UnitTest>
    <UnitTest name="Bliss.Tests.Api.Phase3ApiTests.Evaluation_runs_are_visible_and_match_history_is_listed" storage="/workspace/bliss.tests/bin/debug/net8.0/bliss.tests.dll" id="b2aa40b2-1813-6fda-b3f6-cdae423561a5">
      <Execution id="dcfedfa5-2011-4442-9bb5-a8d0fbddca6e" />
      <TestMethod codeBase="/workspace/Bliss.Tests/bin/Debug/net8.0/Bliss.Tests.dll" adapterTypeName="executor://xunit/VsTestRunner2/netcoreapp" className="Bliss.Tests.Api.Phase3ApiTests" name="Evaluation_runs_are_visible_and_match_history_is_listed" />
    </UnitTest>
    <UnitTest name="Bliss.Tests.Persistence.Phase4CreatorIngestionTests.New_observation_for_existing_identity_updates_without_duplicate_creator" storage="/workspace/bliss.tests/bin/debug/net8.0/bliss.tests.dll" id="a6c5f346-88ad-0dc2-4d93-2ee0a56ab127">
      <Execution id="ca7f8e8a-7cd9-4430-ad35-ee3ee200a638" />
      <TestMethod codeBase="/workspace/Bliss.Tests/bin/Debug/net8.0/Bliss.Tests.dll" adapterTypeName="executor://xunit/VsTestRunner2/netcoreapp" className="Bliss.Tests.Persistence.Phase4CreatorIngestionTests" name="New_observation_for_existing_identity_updates_without_duplicate_creator" />
    </UnitTest>
    <UnitTest name="Bliss.Tests.Persistence.Phase2SeedAndEvaluationTests.Phase2_seed_is_additive_and_does_not_overwrite_phase1_matches" storage="/workspace/bliss.tests/bin/debug/net8.0/bliss.tests.dll" id="e3417458-c3ae-d69e-37a7-12994d5c3174">
      <Execution id="98f54e1a-2538-47fe-898c-8449550aa7a0" />
      <TestMethod codeBase="/workspace/Bliss.Tests/bin/Debug/net8.0/Bliss.Tests.dll" adapterTypeName="executor://xunit/VsTestRunner2/netcoreapp" className="Bliss.Tests.Persistence.Phase2SeedAndEvaluationTests" name="Phase2_seed_is_additive_and_does_not_overwrite_phase1_matches" />
    </UnitTest>
    <UnitTest name="Bliss.Tests.Persistence.Phase3EvaluationAuditTests.Live_checks_are_replaced_while_historical_runs_remain" storage="/workspace/bliss.tests/bin/debug/net8.0/bliss.tests.dll" id="53e06281-965c-154d-169d-18b12de3780c">
      <Execution id="b6e766f9-6f2d-4e11-ba43-5d86d55e6135" />
      <TestMethod codeBase="/workspace/Bliss.Tests/bin/Debug/net8.0/Bliss.Tests.dll" adapterTypeName="executor://xunit/VsTestRunner2/netcoreapp" className="Bliss.Tests.Persistence.Phase3EvaluationAuditTests" name="Live_checks_are_replaced_while_historical_runs_remain" />
    </UnitTest>
    <UnitTest name="Bliss.Tests.Domain.EntityDefaultTests.Network_and_program_access_default_to_unknown_independently" storage="/workspace/bliss.tests/bin/debug/net8.0/bliss.tests.dll" id="ea538728-2dcf-0820-96b8-cf44ab65d900">
      <Execution id="6fe72706-fe92-4351-9f13-566a4f2e3fae" />
      <TestMethod codeBase="/workspace/Bliss.Tests/bin/Debug/net8.0/Bliss.Tests.dll" adapterTypeName="executor://xunit/VsTestRunner2/netcoreapp" className="Bliss.Tests.Domain.EntityDefaultTests" name="Network_and_program_access_default_to_unknown_independently" />
    </UnitTest>
    <UnitTest name="Bliss.Tests.Architecture.EfModelConstraintTests.Required_foreign_key_indexes_exist" storage="/workspace/bliss.tests/bin/debug/net8.0/bliss.tests.dll" id="cc70eb97-9fa2-4393-16f1-399dcb17deac">
      <Execution id="604819c6-45b6-4384-8018-8cd8b807228a" />
      <TestMethod codeBase="/workspace/Bliss.Tests/bin/Debug/net8.0/Bliss.Tests.dll" adapterTypeName="executor://xunit/VsTestRunner2/netcoreapp" className="Bliss.Tests.Architecture.EfModelConstraintTests" name="Required_foreign_key_indexes_exist" />
    </UnitTest>
    <UnitTest name="Bliss.Tests.Domain.EntityDefaultTests.Data_provenance_confidence_defaults_to_unknown" storage="/workspace/bliss.tests/bin/debug/net8.0/bliss.tests.dll" id="99fda879-3bb6-899b-c11a-6afa25c9c800">
      <Execution id="6d04407c-55e9-4e85-bc9e-f47d32c8365e" />
      <TestMethod codeBase="/workspace/Bliss.Tests/bin/Debug/net8.0/Bliss.Tests.dll" adapterTypeName="executor://xunit/VsTestRunner2/netcoreapp" className="Bliss.Tests.Domain.EntityDefaultTests" name="Data_provenance_confidence_defaults_to_unknown" />
    </UnitTest>
    <UnitTest name="Bliss.Tests.Persistence.Phase4CreatorIngestionTests.Invalid_observation_persists_nothing" storage="/workspace/bliss.tests/bin/debug/net8.0/bliss.tests.dll" id="20633f0e-45fd-6547-f2d3-17aee00ceb1b">
      <Execution id="ffeb2341-fea4-46e3-a0db-f4072bebc54f" />
      <TestMethod codeBase="/workspace/Bliss.Tests/bin/Debug/net8.0/Bliss.Tests.dll" adapterTypeName="executor://xunit/VsTestRunner2/netcoreapp" className="Bliss.Tests.Persistence.Phase4CreatorIngestionTests" name="Invalid_observation_persists_nothing" />
    </UnitTest>
    <UnitTest name="Bliss.Tests.Api.FrontendTests.Frontend_assets_are_served(path: &quot;/app.js&quot;, mediaType: &quot;text/javascript&quot;)" storage="/workspace/bliss.tests/bin/debug/net8.0/bliss.tests.dll" id="4c7d820b-3b32-0a41-1aae-799ae0461280">
      <Execution id="5efe7913-ecb3-4b8f-928f-0cb88ac48681" />
      <TestMethod codeBase="/workspace/Bliss.Tests/bin/Debug/net8.0/Bliss.Tests.dll" adapterTypeName="executor://xunit/VsTestRunner2/netcoreapp" className="Bliss.Tests.Api.FrontendTests" name="Frontend_assets_are_served" />
    </UnitTest>
    <UnitTest name="Bliss.Tests.Domain.EntityDefaultTests.Bliss_match_defaults_to_created" storage="/workspace/bliss.tests/bin/debug/net8.0/bliss.tests.dll" id="01c6cd37-6e0a-ac59-fef9-9b774a637864">
      <Execution id="ccee36f6-489d-412f-8126-4e741cf7d314" />
      <TestMethod codeBase="/workspace/Bliss.Tests/bin/Debug/net8.0/Bliss.Tests.dll" adapterTypeName="executor://xunit/VsTestRunner2/netcoreapp" className="Bliss.Tests.Domain.EntityDefaultTests" name="Bliss_match_defaults_to_created" />
    </UnitTest>
    <UnitTest name="Bliss.Tests.Api.Phase4CreatorIngestionApiTests.Post_then_replay_returns_created_then_ok_with_same_run" storage="/workspace/bliss.tests/bin/debug/net8.0/bliss.tests.dll" id="dc06a432-46fb-e3c6-2f96-2f8334ff30ba">
      <Execution id="ab5b443a-9cb8-44fd-8406-9866185e79ae" />
      <TestMethod codeBase="/workspace/Bliss.Tests/bin/Debug/net8.0/Bliss.Tests.dll" adapterTypeName="executor://xunit/VsTestRunner2/netcoreapp" className="Bliss.Tests.Api.Phase4CreatorIngestionApiTests" name="Post_then_replay_returns_created_then_ok_with_same_run" />
    </UnitTest>
    <UnitTest name="Bliss.Tests.Persistence.Phase2SeedAndEvaluationTests.Unknown_demographics_creator_review_does_not_use_zero_audience" storage="/workspace/bliss.tests/bin/debug/net8.0/bliss.tests.dll" id="f2e8717f-58b0-9e3e-284a-43413cb50837">
      <Execution id="e5d80ef9-5c20-4c3a-abda-49be7ee8c5d6" />
      <TestMethod codeBase="/workspace/Bliss.Tests/bin/Debug/net8.0/Bliss.Tests.dll" adapterTypeName="executor://xunit/VsTestRunner2/netcoreapp" className="Bliss.Tests.Persistence.Phase2SeedAndEvaluationTests" name="Unknown_demographics_creator_review_does_not_use_zero_audience" />
    </UnitTest>
    <UnitTest name="Bliss.Tests.Persistence.Phase4CreatorIngestionTests.Same_source_and_idempotency_key_replays_without_duplicate_writes" storage="/workspace/bliss.tests/bin/debug/net8.0/bliss.tests.dll" id="a5c7492c-c4a2-91fa-fe17-981488932ccf">
      <Execution id="537df5cd-add7-4410-87b9-87d5082a60d8" />
      <TestMethod codeBase="/workspace/Bliss.Tests/bin/Debug/net8.0/Bliss.Tests.dll" adapterTypeName="executor://xunit/VsTestRunner2/netcoreapp" className="Bliss.Tests.Persistence.Phase4CreatorIngestionTests" name="Same_source_and_idempotency_key_replays_without_duplicate_writes" />
    </UnitTest>
    <UnitTest name="Bliss.Tests.Persistence.InventoryArchitectureTests.Content_item_supports_multiple_ad_inventory_slots" storage="/workspace/bliss.tests/bin/debug/net8.0/bliss.tests.dll" id="c3dfbe6a-a06d-dc4f-838a-2f4f4892eecc">
      <Execution id="03f65afd-b7a8-47f8-b1a0-ad1d40fa1496" />
      <TestMethod codeBase="/workspace/Bliss.Tests/bin/Debug/net8.0/Bliss.Tests.dll" adapterTypeName="executor://xunit/VsTestRunner2/netcoreapp" className="Bliss.Tests.Persistence.InventoryArchitectureTests" name="Content_item_supports_multiple_ad_inventory_slots" />
    </UnitTest>
    <UnitTest name="Bliss.Tests.Persistence.CampaignPlacementArchitectureTests.Multiple_campaign_placements_can_reference_the_same_content_item" storage="/workspace/bliss.tests/bin/debug/net8.0/bliss.tests.dll" id="100dc352-f3cc-3a7d-1cfc-82d5e7a3fd66">
      <Execution id="2420c72c-7bed-4d65-9056-8e7da72efa04" />
      <TestMethod codeBase="/workspace/Bliss.Tests/bin/Debug/net8.0/Bliss.Tests.dll" adapterTypeName="executor://xunit/VsTestRunner2/netcoreapp" className="Bliss.Tests.Persistence.CampaignPlacementArchitectureTests" name="Multiple_campaign_placements_can_reference_the_same_content_item" />
    </UnitTest>
    <UnitTest name="Bliss.Tests.Persistence.Phase3EvaluationAuditTests.Re_evaluation_appends_a_run_and_does_not_delete_prior_runs" storage="/workspace/bliss.tests/bin/debug/net8.0/bliss.tests.dll" id="9e771164-a137-49d9-c980-12eb28b21498">
      <Execution id="5a3750f3-afdc-4d88-8a6a-46803d9a54a9" />
      <TestMethod codeBase="/workspace/Bliss.Tests/bin/Debug/net8.0/Bliss.Tests.dll" adapterTypeName="executor://xunit/VsTestRunner2/netcoreapp" className="Bliss.Tests.Persistence.Phase3EvaluationAuditTests" name="Re_evaluation_appends_a_run_and_does_not_delete_prior_runs" />
    </UnitTest>
    <UnitTest name="Bliss.Tests.Persistence.Phase3EvaluationAuditTests.Unknown_demographics_are_still_not_zero_after_phase3_seed" storage="/workspace/bliss.tests/bin/debug/net8.0/bliss.tests.dll" id="ead06bba-0420-349d-eafb-fee9f6e3ed82">
      <Execution id="b519ab4f-1500-431c-9cb5-5b20555d6657" />
      <TestMethod codeBase="/workspace/Bliss.Tests/bin/Debug/net8.0/Bliss.Tests.dll" adapterTypeName="executor://xunit/VsTestRunner2/netcoreapp" className="Bliss.Tests.Persistence.Phase3EvaluationAuditTests" name="Unknown_demographics_are_still_not_zero_after_phase3_seed" />
    </UnitTest>
    <UnitTest name="Bliss.Tests.Domain.DeterministicRuleEvaluatorTests.Missing_document_throws" storage="/workspace/bliss.tests/bin/debug/net8.0/bliss.tests.dll" id="d360cdc0-0524-f6d1-17d3-50ff5c12a6ef">
      <Execution id="780f3172-9e5a-42b1-bd0e-9f2fa3118b4a" />
      <TestMethod codeBase="/workspace/Bliss.Tests/bin/Debug/net8.0/Bliss.Tests.dll" adapterTypeName="executor://xunit/VsTestRunner2/netcoreapp" className="Bliss.Tests.Domain.DeterministicRuleEvaluatorTests" name="Missing_document_throws" />
    </UnitTest>
    <UnitTest name="Bliss.Tests.Api.Phase3ApiTests.Evaluate_rules_appends_a_run_visible_on_the_api" storage="/workspace/bliss.tests/bin/debug/net8.0/bliss.tests.dll" id="1d7953a8-6241-ef89-345a-e130ddbad075">
      <Execution id="01ba814e-ddb6-4f6a-879d-4a6c45846108" />
      <TestMethod codeBase="/workspace/Bliss.Tests/bin/Debug/net8.0/Bliss.Tests.dll" adapterTypeName="executor://xunit/VsTestRunner2/netcoreapp" className="Bliss.Tests.Api.Phase3ApiTests" name="Evaluate_rules_appends_a_run_visible_on_the_api" />
    </UnitTest>
    <UnitTest name="Bliss.Tests.Architecture.ApiSurfaceTests.Phase1_read_endpoints_are_present" storage="/workspace/bliss.tests/bin/debug/net8.0/bliss.tests.dll" id="66d27266-de8f-413f-0500-3db785fae6c5">
      <Execution id="ed0b34d0-5282-49a8-9b40-a726990750d0" />
      <TestMethod codeBase="/workspace/Bliss.Tests/bin/Debug/net8.0/Bliss.Tests.dll" adapterTypeName="executor://xunit/VsTestRunner2/netcoreapp" className="Bliss.Tests.Architecture.ApiSurfaceTests" name="Phase1_read_endpoints_are_present" />
    </UnitTest>
    <UnitTest name="Bliss.Tests.Architecture.EfModelConstraintTests.Campaign_placement_content_item_id_is_not_unique" storage="/workspace/bliss.tests/bin/debug/net8.0/bliss.tests.dll" id="c72ca6e0-1d99-7efb-a420-53958ad1e17d">
      <Execution id="512c4bef-dce6-49d0-b8b1-be81cd8e442c" />
      <TestMethod codeBase="/workspace/Bliss.Tests/bin/Debug/net8.0/Bliss.Tests.dll" adapterTypeName="executor://xunit/VsTestRunner2/netcoreapp" className="Bliss.Tests.Architecture.EfModelConstraintTests" name="Campaign_placement_content_item_id_is_not_unique" />
    </UnitTest>
    <UnitTest name="Bliss.Tests.Architecture.EfModelConstraintTests.There_is_no_direct_creator_to_advertiser_foreign_key" storage="/workspace/bliss.tests/bin/debug/net8.0/bliss.tests.dll" id="67520dfc-ef04-5805-d900-05bbc76473c5">
      <Execution id="4beb0f3e-ed76-4299-a904-2bac3129f418" />
      <TestMethod codeBase="/workspace/Bliss.Tests/bin/Debug/net8.0/Bliss.Tests.dll" adapterTypeName="executor://xunit/VsTestRunner2/netcoreapp" className="Bliss.Tests.Architecture.EfModelConstraintTests" name="There_is_no_direct_creator_to_advertiser_foreign_key" />
    </UnitTest>
    <UnitTest name="Bliss.Tests.Persistence.UnknownDemographicTests.Unknown_female_percentage_remains_null_and_is_not_converted_to_zero" storage="/workspace/bliss.tests/bin/debug/net8.0/bliss.tests.dll" id="d5e41786-afb1-c9e9-5845-afc657d47df4">
      <Execution id="85b1b147-0491-444a-9369-7ec113d8494e" />
      <TestMethod codeBase="/workspace/Bliss.Tests/bin/Debug/net8.0/Bliss.Tests.dll" adapterTypeName="executor://xunit/VsTestRunner2/netcoreapp" className="Bliss.Tests.Persistence.UnknownDemographicTests" name="Unknown_female_percentage_remains_null_and_is_not_converted_to_zero" />
    </UnitTest>
    <UnitTest name="Bliss.Tests.Domain.DeterministicRuleEvaluatorTests.Unknown_audience_is_review_required_not_zero" storage="/workspace/bliss.tests/bin/debug/net8.0/bliss.tests.dll" id="e3a4d65d-d083-473d-a7fb-e6f709c83a60">
      <Execution id="77364f71-fe83-47cc-9b20-f1502a8dae4c" />
      <TestMethod codeBase="/workspace/Bliss.Tests/bin/Debug/net8.0/Bliss.Tests.dll" adapterTypeName="executor://xunit/VsTestRunner2/netcoreapp" className="Bliss.Tests.Domain.DeterministicRuleEvaluatorTests" name="Unknown_audience_is_review_required_not_zero" />
    </UnitTest>
    <UnitTest name="Bliss.Tests.Persistence.Phase3EvaluationAuditTests.Re_evaluating_one_match_does_not_change_another_match_or_its_runs" storage="/workspace/bliss.tests/bin/debug/net8.0/bliss.tests.dll" id="ca3d08ec-edb1-62e5-2f81-afb14a457f61">
      <Execution id="64d7a21b-bc7d-4ce2-8402-884caf8255d9" />
      <TestMethod codeBase="/workspace/Bliss.Tests/bin/Debug/net8.0/Bliss.Tests.dll" adapterTypeName="executor://xunit/VsTestRunner2/netcoreapp" className="Bliss.Tests.Persistence.Phase3EvaluationAuditTests" name="Re_evaluating_one_match_does_not_change_another_match_or_its_runs" />
    </UnitTest>
    <UnitTest name="Bliss.Tests.Persistence.Phase2SeedAndEvaluationTests.Phase2_brazil_match_is_approved_and_ph_to_br_is_ineligible" storage="/workspace/bliss.tests/bin/debug/net8.0/bliss.tests.dll" id="640281c2-d2c6-614b-9d1b-15b361eeede1">
      <Execution id="c58123f3-e6b8-4918-a223-9000989c882e" />
      <TestMethod codeBase="/workspace/Bliss.Tests/bin/Debug/net8.0/Bliss.Tests.dll" adapterTypeName="executor://xunit/VsTestRunner2/netcoreapp" className="Bliss.Tests.Persistence.Phase2SeedAndEvaluationTests" name="Phase2_brazil_match_is_approved_and_ph_to_br_is_ineligible" />
    </UnitTest>
    <UnitTest name="Bliss.Tests.Persistence.BlissMatchArchitectureTests.New_bliss_match_does_not_overwrite_another_valid_match" storage="/workspace/bliss.tests/bin/debug/net8.0/bliss.tests.dll" id="41d2316c-b8be-4ba6-9a2f-833219ceeec8">
      <Execution id="51ac72a6-25ab-49f5-a11e-99769b04867f" />
      <TestMethod codeBase="/workspace/Bliss.Tests/bin/Debug/net8.0/Bliss.Tests.dll" adapterTypeName="executor://xunit/VsTestRunner2/netcoreapp" className="Bliss.Tests.Persistence.BlissMatchArchitectureTests" name="New_bliss_match_does_not_overwrite_another_valid_match" />
    </UnitTest>
    <UnitTest name="Bliss.Tests.Persistence.DataProvenanceTests.Data_provenance_retains_source_confidence_and_collected_at" storage="/workspace/bliss.tests/bin/debug/net8.0/bliss.tests.dll" id="b2d61875-979d-58c0-3d13-2449d06a1c37">
      <Execution id="a782c535-31dc-4212-860b-bf716482b840" />
      <TestMethod codeBase="/workspace/Bliss.Tests/bin/Debug/net8.0/Bliss.Tests.dll" adapterTypeName="executor://xunit/VsTestRunner2/netcoreapp" className="Bliss.Tests.Persistence.DataProvenanceTests" name="Data_provenance_retains_source_confidence_and_collected_at" />
    </UnitTest>
    <UnitTest name="Bliss.Tests.Domain.DeterministicRuleEvaluatorTests.Matching_country_and_language_is_approved" storage="/workspace/bliss.tests/bin/debug/net8.0/bliss.tests.dll" id="d1605941-48e0-fbcc-1be8-0ec6b9950d4d">
      <Execution id="4155a55f-d390-43ba-82b1-f7488495a157" />
      <TestMethod codeBase="/workspace/Bliss.Tests/bin/Debug/net8.0/Bliss.Tests.dll" adapterTypeName="executor://xunit/VsTestRunner2/netcoreapp" className="Bliss.Tests.Domain.DeterministicRuleEvaluatorTests" name="Matching_country_and_language_is_approved" />
    </UnitTest>
    <UnitTest name="Bliss.Tests.Persistence.Phase3EvaluationAuditTests.Phase3_seed_is_additive_and_records_two_brazil_runs" storage="/workspace/bliss.tests/bin/debug/net8.0/bliss.tests.dll" id="f7980e9f-bdec-dc48-ce88-0cc17859f196">
      <Execution id="7d239f7a-5828-4f27-8e3e-865ed8b2329a" />
      <TestMethod codeBase="/workspace/Bliss.Tests/bin/Debug/net8.0/Bliss.Tests.dll" adapterTypeName="executor://xunit/VsTestRunner2/netcoreapp" className="Bliss.Tests.Persistence.Phase3EvaluationAuditTests" name="Phase3_seed_is_additive_and_records_two_brazil_runs" />
    </UnitTest>
    <UnitTest name="Bliss.Tests.Api.FrontendTests.Frontend_assets_are_served(path: &quot;/app.css&quot;, mediaType: &quot;text/css&quot;)" storage="/workspace/bliss.tests/bin/debug/net8.0/bliss.tests.dll" id="714172cf-82f2-04c9-bf5f-767c89ff2692">
      <Execution id="77730250-6c4e-460b-8a5e-8b06c2822e46" />
      <TestMethod codeBase="/workspace/Bliss.Tests/bin/Debug/net8.0/Bliss.Tests.dll" adapterTypeName="executor://xunit/VsTestRunner2/netcoreapp" className="Bliss.Tests.Api.FrontendTests" name="Frontend_assets_are_served" />
    </UnitTest>
    <UnitTest name="Bliss.Tests.Persistence.HistoricalRuleVersionTests.Historical_bliss_match_preserves_original_rule_version" storage="/workspace/bliss.tests/bin/debug/net8.0/bliss.tests.dll" id="aabaad12-1068-7e2d-7c3a-ba50f49c64cc">
      <Execution id="5ad4cb5d-4376-4447-8b3d-c33a02dc2ac9" />
      <TestMethod codeBase="/workspace/Bliss.Tests/bin/Debug/net8.0/Bliss.Tests.dll" adapterTypeName="executor://xunit/VsTestRunner2/netcoreapp" className="Bliss.Tests.Persistence.HistoricalRuleVersionTests" name="Historical_bliss_match_preserves_original_rule_version" />
    </UnitTest>
    <UnitTest name="Bliss.Tests.Architecture.EfModelConstraintTests.Bliss_match_creator_id_is_not_unique" storage="/workspace/bliss.tests/bin/debug/net8.0/bliss.tests.dll" id="a7d83d3f-3fef-87b8-c59e-edd358ba4e8d">
      <Execution id="d3e70272-1652-4ac5-b873-49f3618ee9a5" />
      <TestMethod codeBase="/workspace/Bliss.Tests/bin/Debug/net8.0/Bliss.Tests.dll" adapterTypeName="executor://xunit/VsTestRunner2/netcoreapp" className="Bliss.Tests.Architecture.EfModelConstraintTests" name="Bliss_match_creator_id_is_not_unique" />
    </UnitTest>
    <UnitTest name="Bliss.Tests.Persistence.Phase4CreatorIngestionTests.Same_external_id_on_different_platform_is_a_distinct_identity" storage="/workspace/bliss.tests/bin/debug/net8.0/bliss.tests.dll" id="d5229300-ba34-a1ea-8a15-238ee6315b58">
      <Execution id="53a05fd4-6826-4361-aa54-e0c3c5f17bcc" />
      <TestMethod codeBase="/workspace/Bliss.Tests/bin/Debug/net8.0/Bliss.Tests.dll" adapterTypeName="executor://xunit/VsTestRunner2/netcoreapp" className="Bliss.Tests.Persistence.Phase4CreatorIngestionTests" name="Same_external_id_on_different_platform_is_a_distinct_identity" />
    </UnitTest>
    <UnitTest name="Bliss.Tests.Api.Phase2ApiTests.Evaluate_rules_returns_bad_request_for_phase1_rule_without_document" storage="/workspace/bliss.tests/bin/debug/net8.0/bliss.tests.dll" id="b0f13de1-5c6f-a12b-8761-124ba685f069">
      <Execution id="fcc2704e-9c77-43f9-95ef-c9a49a4bd8fa" />
      <TestMethod codeBase="/workspace/Bliss.Tests/bin/Debug/net8.0/Bliss.Tests.dll" adapterTypeName="executor://xunit/VsTestRunner2/netcoreapp" className="Bliss.Tests.Api.Phase2ApiTests" name="Evaluate_rules_returns_bad_request_for_phase1_rule_without_document" />
    </UnitTest>
    <UnitTest name="Bliss.Tests.Architecture.EfModelConstraintTests.Major_relationships_use_restrict_delete_behavior" storage="/workspace/bliss.tests/bin/debug/net8.0/bliss.tests.dll" id="0ddc4816-05ae-a087-452a-3c8559632bcd">
      <Execution id="69774c80-0983-4705-b886-0c3dcd61fa93" />
      <TestMethod codeBase="/workspace/Bliss.Tests/bin/Debug/net8.0/Bliss.Tests.dll" adapterTypeName="executor://xunit/VsTestRunner2/netcoreapp" className="Bliss.Tests.Architecture.EfModelConstraintTests" name="Major_relationships_use_restrict_delete_behavior" />
    </UnitTest>
    <UnitTest name="Bliss.Tests.Architecture.EfModelConstraintTests.Female_percentage_is_nullable" storage="/workspace/bliss.tests/bin/debug/net8.0/bliss.tests.dll" id="c50db96f-878d-d17e-e727-c48cc8150eff">
      <Execution id="8f6e4326-a133-4b41-beb2-907c3b615555" />
      <TestMethod codeBase="/workspace/Bliss.Tests/bin/Debug/net8.0/Bliss.Tests.dll" adapterTypeName="executor://xunit/VsTestRunner2/netcoreapp" className="Bliss.Tests.Architecture.EfModelConstraintTests" name="Female_percentage_is_nullable" />
    </UnitTest>
    <UnitTest name="Bliss.Tests.Api.FrontendTests.Client_routes_fall_back_to_the_dashboard" storage="/workspace/bliss.tests/bin/debug/net8.0/bliss.tests.dll" id="d8f2eb5a-339a-efe9-164d-4886bab9d470">
      <Execution id="71b8e3f2-6f4a-49ff-bd84-3f0607bdfe75" />
      <TestMethod codeBase="/workspace/Bliss.Tests/bin/Debug/net8.0/Bliss.Tests.dll" adapterTypeName="executor://xunit/VsTestRunner2/netcoreapp" className="Bliss.Tests.Api.FrontendTests" name="Client_routes_fall_back_to_the_dashboard" />
    </UnitTest>
  </TestDefinitions>
  <TestEntries>
    <TestEntry testId="41d2316c-b8be-4ba6-9a2f-833219ceeec8" executionId="51ac72a6-25ab-49f5-a11e-99769b04867f" testListId="8c84fa94-04c1-424b-9868-57a2d4851a1d" />
    <TestEntry testId="a7d83d3f-3fef-87b8-c59e-edd358ba4e8d" executionId="d3e70272-1652-4ac5-b873-49f3618ee9a5" testListId="8c84fa94-04c1-424b-9868-57a2d4851a1d" />
    <TestEntry testId="a7879089-b2bc-1b17-b4b3-ed7fc786e30d" executionId="c3919eb9-c771-4aae-bec5-2e2a851c8c4c" testListId="8c84fa94-04c1-424b-9868-57a2d4851a1d" />
    <TestEntry testId="05974633-af6a-a2fd-c070-060a3061f9e7" executionId="85232bce-ec82-41b0-8bdb-204248765979" testListId="8c84fa94-04c1-424b-9868-57a2d4851a1d" />
    <TestEntry testId="f7980e9f-bdec-dc48-ce88-0cc17859f196" executionId="7d239f7a-5828-4f27-8e3e-865ed8b2329a" testListId="8c84fa94-04c1-424b-9868-57a2d4851a1d" />
    <TestEntry testId="99fda879-3bb6-899b-c11a-6afa25c9c800" executionId="6d04407c-55e9-4e85-bc9e-f47d32c8365e" testListId="8c84fa94-04c1-424b-9868-57a2d4851a1d" />
    <TestEntry testId="ea538728-2dcf-0820-96b8-cf44ab65d900" executionId="6fe72706-fe92-4351-9f13-566a4f2e3fae" testListId="8c84fa94-04c1-424b-9868-57a2d4851a1d" />
    <TestEntry testId="d8f2eb5a-339a-efe9-164d-4886bab9d470" executionId="71b8e3f2-6f4a-49ff-bd84-3f0607bdfe75" testListId="8c84fa94-04c1-424b-9868-57a2d4851a1d" />
    <TestEntry testId="2bfc8ccb-c6d1-42ea-66ae-0830cce47682" executionId="3bcdda5e-7327-4758-a039-933062b185c4" testListId="8c84fa94-04c1-424b-9868-57a2d4851a1d" />
    <TestEntry testId="b2aa40b2-1813-6fda-b3f6-cdae423561a5" executionId="dcfedfa5-2011-4442-9bb5-a8d0fbddca6e" testListId="8c84fa94-04c1-424b-9868-57a2d4851a1d" />
    <TestEntry testId="ca3d08ec-edb1-62e5-2f81-afb14a457f61" executionId="64d7a21b-bc7d-4ce2-8402-884caf8255d9" testListId="8c84fa94-04c1-424b-9868-57a2d4851a1d" />
    <TestEntry testId="d360cdc0-0524-f6d1-17d3-50ff5c12a6ef" executionId="780f3172-9e5a-42b1-bd0e-9f2fa3118b4a" testListId="8c84fa94-04c1-424b-9868-57a2d4851a1d" />
    <TestEntry testId="1d7953a8-6241-ef89-345a-e130ddbad075" executionId="01ba814e-ddb6-4f6a-879d-4a6c45846108" testListId="8c84fa94-04c1-424b-9868-57a2d4851a1d" />
    <TestEntry testId="20633f0e-45fd-6547-f2d3-17aee00ceb1b" executionId="ffeb2341-fea4-46e3-a0db-f4072bebc54f" testListId="8c84fa94-04c1-424b-9868-57a2d4851a1d" />
    <TestEntry testId="c3dfbe6a-a06d-dc4f-838a-2f4f4892eecc" executionId="03f65afd-b7a8-47f8-b1a0-ad1d40fa1496" testListId="8c84fa94-04c1-424b-9868-57a2d4851a1d" />
    <TestEntry testId="d5e41786-afb1-c9e9-5845-afc657d47df4" executionId="85b1b147-0491-444a-9369-7ec113d8494e" testListId="8c84fa94-04c1-424b-9868-57a2d4851a1d" />
    <TestEntry testId="1ea8b1f4-4e9a-8561-695a-abb47698cd8a" executionId="2d36a10d-18ea-4977-bb9d-50fb5e1e9852" testListId="8c84fa94-04c1-424b-9868-57a2d4851a1d" />
    <TestEntry testId="e5bd266c-e764-9035-1e4b-67759a572b90" executionId="05be6606-1088-4953-af45-d6423dfc8a4c" testListId="8c84fa94-04c1-424b-9868-57a2d4851a1d" />
    <TestEntry testId="c50db96f-878d-d17e-e727-c48cc8150eff" executionId="8f6e4326-a133-4b41-beb2-907c3b615555" testListId="8c84fa94-04c1-424b-9868-57a2d4851a1d" />
    <TestEntry testId="a6c5f346-88ad-0dc2-4d93-2ee0a56ab127" executionId="ca7f8e8a-7cd9-4430-ad35-ee3ee200a638" testListId="8c84fa94-04c1-424b-9868-57a2d4851a1d" />
    <TestEntry testId="aabaad12-1068-7e2d-7c3a-ba50f49c64cc" executionId="5ad4cb5d-4376-4447-8b3d-c33a02dc2ac9" testListId="8c84fa94-04c1-424b-9868-57a2d4851a1d" />
    <TestEntry testId="e3417458-c3ae-d69e-37a7-12994d5c3174" executionId="98f54e1a-2538-47fe-898c-8449550aa7a0" testListId="8c84fa94-04c1-424b-9868-57a2d4851a1d" />
    <TestEntry testId="a5c7492c-c4a2-91fa-fe17-981488932ccf" executionId="537df5cd-add7-4410-87b9-87d5082a60d8" testListId="8c84fa94-04c1-424b-9868-57a2d4851a1d" />
    <TestEntry testId="9ff146d5-22b5-53ad-bc7f-f19c8004d0d7" executionId="68a4c67c-255f-42e3-91a3-e0bb6dcc6c6b" testListId="8c84fa94-04c1-424b-9868-57a2d4851a1d" />
    <TestEntry testId="67520dfc-ef04-5805-d900-05bbc76473c5" executionId="4beb0f3e-ed76-4299-a904-2bac3129f418" testListId="8c84fa94-04c1-424b-9868-57a2d4851a1d" />
    <TestEntry testId="66ffeb4f-dce5-3602-0442-fed38a3bf0ca" executionId="adac8eda-d645-46a4-9f0f-241963e80198" testListId="8c84fa94-04c1-424b-9868-57a2d4851a1d" />
    <TestEntry testId="d5229300-ba34-a1ea-8a15-238ee6315b58" executionId="53a05fd4-6826-4361-aa54-e0c3c5f17bcc" testListId="8c84fa94-04c1-424b-9868-57a2d4851a1d" />
    <TestEntry testId="b2d61875-979d-58c0-3d13-2449d06a1c37" executionId="a782c535-31dc-4212-860b-bf716482b840" testListId="8c84fa94-04c1-424b-9868-57a2d4851a1d" />
    <TestEntry testId="f2e8717f-58b0-9e3e-284a-43413cb50837" executionId="e5d80ef9-5c20-4c3a-abda-49be7ee8c5d6" testListId="8c84fa94-04c1-424b-9868-57a2d4851a1d" />
    <TestEntry testId="714172cf-82f2-04c9-bf5f-767c89ff2692" executionId="77730250-6c4e-460b-8a5e-8b06c2822e46" testListId="8c84fa94-04c1-424b-9868-57a2d4851a1d" />
    <TestEntry testId="cd099455-c4ed-227b-a24a-b3646410eb02" executionId="78a04afc-c61e-4994-bad7-111875bbd99d" testListId="8c84fa94-04c1-424b-9868-57a2d4851a1d" />
    <TestEntry testId="0ddc4816-05ae-a087-452a-3c8559632bcd" executionId="69774c80-0983-4705-b886-0c3dcd61fa93" testListId="8c84fa94-04c1-424b-9868-57a2d4851a1d" />
    <TestEntry testId="10bb1524-4517-7455-039c-131d8085c67f" executionId="68b5b005-dad6-4566-8a21-a366ce8b0cf9" testListId="8c84fa94-04c1-424b-9868-57a2d4851a1d" />
    <TestEntry testId="e3a4d65d-d083-473d-a7fb-e6f709c83a60" executionId="77364f71-fe83-47cc-9b20-f1502a8dae4c" testListId="8c84fa94-04c1-424b-9868-57a2d4851a1d" />
    <TestEntry testId="3925efb9-9c12-2bed-b115-f0693ba87cc8" executionId="1d7014f3-4dad-4a51-b8c4-465c3564029e" testListId="8c84fa94-04c1-424b-9868-57a2d4851a1d" />
    <TestEntry testId="53e06281-965c-154d-169d-18b12de3780c" executionId="b6e766f9-6f2d-4e11-ba43-5d86d55e6135" testListId="8c84fa94-04c1-424b-9868-57a2d4851a1d" />
    <TestEntry testId="6251f72e-3558-9793-ecd3-f26416e2f718" executionId="4ddc2031-ae55-4e60-9ef2-d9dc8a358cfb" testListId="8c84fa94-04c1-424b-9868-57a2d4851a1d" />
    <TestEntry testId="f267c8f9-ce40-660b-da9c-8d5c48b9994c" executionId="80aebb03-63c2-4b20-99b3-4d88ce16a40f" testListId="8c84fa94-04c1-424b-9868-57a2d4851a1d" />
    <TestEntry testId="66d27266-de8f-413f-0500-3db785fae6c5" executionId="ed0b34d0-5282-49a8-9b40-a726990750d0" testListId="8c84fa94-04c1-424b-9868-57a2d4851a1d" />
    <TestEntry testId="e1fd9b8c-ba82-6cde-3208-9a5bda7c35fd" executionId="20791d21-135c-483d-aa88-b1b674fd791d" testListId="8c84fa94-04c1-424b-9868-57a2d4851a1d" />
    <TestEntry testId="dc06a432-46fb-e3c6-2f96-2f8334ff30ba" executionId="ab5b443a-9cb8-44fd-8406-9866185e79ae" testListId="8c84fa94-04c1-424b-9868-57a2d4851a1d" />
    <TestEntry testId="ead06bba-0420-349d-eafb-fee9f6e3ed82" executionId="b519ab4f-1500-431c-9cb5-5b20555d6657" testListId="8c84fa94-04c1-424b-9868-57a2d4851a1d" />
    <TestEntry testId="9e771164-a137-49d9-c980-12eb28b21498" executionId="5a3750f3-afdc-4d88-8a6a-46803d9a54a9" testListId="8c84fa94-04c1-424b-9868-57a2d4851a1d" />
    <TestEntry testId="cc70eb97-9fa2-4393-16f1-399dcb17deac" executionId="604819c6-45b6-4384-8018-8cd8b807228a" testListId="8c84fa94-04c1-424b-9868-57a2d4851a1d" />
    <TestEntry testId="4c7d820b-3b32-0a41-1aae-799ae0461280" executionId="5efe7913-ecb3-4b8f-928f-0cb88ac48681" testListId="8c84fa94-04c1-424b-9868-57a2d4851a1d" />
    <TestEntry testId="640281c2-d2c6-614b-9d1b-15b361eeede1" executionId="c58123f3-e6b8-4918-a223-9000989c882e" testListId="8c84fa94-04c1-424b-9868-57a2d4851a1d" />
    <TestEntry testId="a83975d8-4228-cc55-20bb-868b6cced19d" executionId="e249bfaa-b372-4e2a-a583-efca06c81cb5" testListId="8c84fa94-04c1-424b-9868-57a2d4851a1d" />
    <TestEntry testId="01c6cd37-6e0a-ac59-fef9-9b774a637864" executionId="ccee36f6-489d-412f-8126-4e741cf7d314" testListId="8c84fa94-04c1-424b-9868-57a2d4851a1d" />
    <TestEntry testId="100dc352-f3cc-3a7d-1cfc-82d5e7a3fd66" executionId="2420c72c-7bed-4d65-9056-8e7da72efa04" testListId="8c84fa94-04c1-424b-9868-57a2d4851a1d" />
    <TestEntry testId="bcd89933-fbb2-940a-fc52-89e4773d39c2" executionId="3c692c3b-7643-48f3-95e4-708ba20d061a" testListId="8c84fa94-04c1-424b-9868-57a2d4851a1d" />
    <TestEntry testId="b0f13de1-5c6f-a12b-8761-124ba685f069" executionId="fcc2704e-9c77-43f9-95ef-c9a49a4bd8fa" testListId="8c84fa94-04c1-424b-9868-57a2d4851a1d" />
    <TestEntry testId="c72ca6e0-1d99-7efb-a420-53958ad1e17d" executionId="512c4bef-dce6-49d0-b8b1-be81cd8e442c" testListId="8c84fa94-04c1-424b-9868-57a2d4851a1d" />
    <TestEntry testId="d1605941-48e0-fbcc-1be8-0ec6b9950d4d" executionId="4155a55f-d390-43ba-82b1-f7488495a157" testListId="8c84fa94-04c1-424b-9868-57a2d4851a1d" />
    <TestEntry testId="297cb8c0-1754-5d2e-e0f1-2a366f018a95" executionId="3384611a-3cd2-4322-8d51-b8a1b54379be" testListId="8c84fa94-04c1-424b-9868-57a2d4851a1d" />
    <TestEntry testId="35e70851-9287-56c9-f6ff-18f25b74fc27" executionId="d469075d-169e-4627-a292-e54e9cf72904" testListId="8c84fa94-04c1-424b-9868-57a2d4851a1d" />
    <TestEntry testId="8f1e23ec-b18e-6fd8-9035-546076daf466" executionId="7e673989-700b-4505-b938-83ecaed5a79b" testListId="8c84fa94-04c1-424b-9868-57a2d4851a1d" />
  </TestEntries>
  <TestLists>
    <TestList name="Results Not in a List" id="8c84fa94-04c1-424b-9868-57a2d4851a1d" />
    <TestList name="All Loaded Results" id="19431567-8539-422a-85d7-44ee4e166bda" />
  </TestLists>
  <ResultSummary outcome="Completed">
    <Counters total="56" executed="56" passed="56" failed="0" error="0" timeout="0" aborted="0" inconclusive="0" passedButRunAborted="0" notRunnable="0" notExecuted="0" disconnected="0" warning="0" completed="0" inProgress="0" pending="0" />
    <Output>
      <StdOut>[xUnit.net 00:00:00.00] xUnit.net VSTest Adapter v2.5.3.1+6b60a9e56a (64-bit .NET 8.0.31)
[xUnit.net 00:00:00.06]   Discovering: Bliss.Tests
[xUnit.net 00:00:00.10]   Discovered:  Bliss.Tests
[xUnit.net 00:00:00.10]   Starting:    Bliss.Tests
[xUnit.net 00:00:01.11]   Finished:    Bliss.Tests
</StdOut>
    </Output>
  </ResultSummary>
</TestRun>